Component: ARM Compiler 5.06 update 6 (build 750) Tool: armlink [4d35ed]

==============================================================================

Section Cross References

    main.o(.text) refers to memseta.o(.text) for __aeabi_memclr4
    main.o(.text) refers to 24cxx.o(.text) for AT24CXX_Read
    main.o(.text) refers to printfa.o(i.__0sprintf) for __2sprintf
    main.o(.text) refers to hmi_driver.o(.text) for SetBackLight
    main.o(.text) refers to timer3.o(.text) for TIM3_Init
    main.o(.text) refers to usart2.o(.text) for USART2_Init
    main.o(.text) refers to hw_config.o(.text) for Interrupts_Config
    main.o(.text) refers to hmi_user_uart.o(.text) for UartInit
    main.o(.text) refers to cmd_queue.o(.text) for queue_reset
    main.o(.text) refers to delay.o(.text) for delay_ms
    main.o(.text) refers to key.o(.text) for KEY_Init
    main.o(.text) refers to led.o(.text) for LED_Init
    main.o(.text) refers to w25qxx.o(.text) for W25QXX_Init
    main.o(.text) refers to dht11.o(.text) for DHT11_Init
    main.o(.text) refers to uart_hw.o(.text) for CH376_PORT_INIT
    main.o(.text) refers to exdata_process.o(.text) for LCD_HANDLE
    main.o(.text) refers to exdata_process.o(.data) for BeepStatus
    stm32f10x_it.o(.text) refers to stm32f10x_tim.o(.text) for TIM_GetITStatus
    stm32f10x_it.o(.text) refers to stm32f10x_exti.o(.text) for EXTI_GetITStatus
    stm32f10x_it.o(.text) refers to stm32f10x_usart.o(.text) for USART_GetITStatus
    stm32f10x_it.o(.text) refers to cmd_queue.o(.text) for queue_push
    stm32f10x_it.o(.text) refers to exdata_process.o(.data) for timerout
    system_stm32f10x.o(.text) refers to system_stm32f10x.o(.data) for SystemCoreClock
    exdata_process.o(.text) refers to hmi_driver.o(.text) for SetControlVisiable
    exdata_process.o(.text) refers to memseta.o(.text) for __aeabi_memclr4
    exdata_process.o(.text) refers to fflti.o(.text) for __aeabi_i2f
    exdata_process.o(.text) refers to fdiv.o(.text) for __aeabi_fdiv
    exdata_process.o(.text) refers to fmul.o(.text) for __aeabi_fmul
    exdata_process.o(.text) refers to fadd.o(.text) for __aeabi_fadd
    exdata_process.o(.text) refers to ldiv.o(.text) for __aeabi_ldivmod
    exdata_process.o(.text) refers to dfltl.o(.text) for __aeabi_l2d
    exdata_process.o(.text) refers to sqrt.o(i.sqrt) for sqrt
    exdata_process.o(.text) refers to dfixui.o(.text) for __aeabi_d2uiz
    exdata_process.o(.text) refers to stm32f10x_gpio.o(.text) for GPIO_ReadInputDataBit
    exdata_process.o(.text) refers to dht11.o(.text) for DHT11_Read_Data
    exdata_process.o(.text) refers to usart2.o(.data) for iReceiveFlag
    exdata_process.o(.text) refers to exdata_process.o(.bss) for fExData
    exdata_process.o(.text) refers to exdata_process.o(.data) for WEIGHT_SUM
    exdata_process.o(.text) refers to language.o(.data) for WarnningPrompt
    exdata_process.o(.text) refers to 24cxx.o(.text) for AT24CXX_Write
    exdata_process.o(.text) refers to printfa.o(i.__0sprintf) for __2sprintf
    exdata_process.o(.text) refers to memcpya.o(.text) for __aeabi_memcpy
    exdata_process.o(.text) refers to crc.o(.text) for GetCRC
    exdata_process.o(.text) refers to exdata_process.o(.constdata) for .constdata
    exdata_process.o(.text) refers to f2d.o(.text) for __aeabi_f2d
    exdata_process.o(.text) refers to ffltui.o(.text) for __aeabi_ui2f
    exdata_process.o(.text) refers to uart_hw.o(.text) for mInitCH376Host
    exdata_process.o(.text) refers to file_sys.o(.text) for CH376DiskMount
    exdata_process.o(.text) refers to strlen.o(.text) for strlen
    exdata_process.o(.text) refers to cmd_queue.o(.text) for queue_find_cmd
    24cxx.o(.text) refers to myiic.o(.text) for IIC_Init
    24cxx.o(.text) refers to delay.o(.text) for delay_us
    myiic.o(.text) refers to stm32f10x_rcc.o(.text) for RCC_APB2PeriphClockCmd
    myiic.o(.text) refers to stm32f10x_gpio.o(.text) for GPIO_Init
    myiic.o(.text) refers to delay.o(.text) for delay_us
    w25qxx.o(.text) refers to spi.o(.text) for SPI2_ReadWriteByte
    w25qxx.o(.text) refers to stm32f10x_rcc.o(.text) for RCC_APB2PeriphClockCmd
    w25qxx.o(.text) refers to stm32f10x_gpio.o(.text) for GPIO_Init
    w25qxx.o(.text) refers to delay.o(.text) for delay_us
    w25qxx.o(.text) refers to w25qxx.o(.data) for W25QXX_TYPE
    w25qxx.o(.text) refers to w25qxx.o(.bss) for W25QXX_BUFFER
    spi.o(.text) refers to stm32f10x_spi.o(.text) for SPI_I2S_GetFlagStatus
    spi.o(.text) refers to stm32f10x_rcc.o(.text) for RCC_APB2PeriphClockCmd
    spi.o(.text) refers to stm32f10x_gpio.o(.text) for GPIO_Init
    led.o(.text) refers to stm32f10x_rcc.o(.text) for RCC_APB2PeriphClockCmd
    led.o(.text) refers to stm32f10x_gpio.o(.text) for GPIO_Init
    key.o(.text) refers to stm32f10x_rcc.o(.text) for RCC_APB2PeriphClockCmd
    key.o(.text) refers to stm32f10x_gpio.o(.text) for GPIO_Init
    dht11.o(.text) refers to delay.o(.text) for delay_ms
[...]
    .data                                    0x20000018   Section       92  exdata_process.o(.data)
    Progress_Value                           0x20000054   Data           4  exdata_process.o(.data)
    .data                                    0x20000074   Section        2  w25qxx.o(.data)
    .data                                    0x20000076   Section        4  delay.o(.data)
    fac_us                                   0x20000076   Data           1  delay.o(.data)
    fac_ms                                   0x20000078   Data           2  delay.o(.data)
    .data                                    0x2000007c   Section       14  usart2.o(.data)
    .data                                    0x2000008a   Section     5121  language.o(.data)
    .data                                    0x2000148b   Section       20  stm32f10x_rcc.o(.data)
    APBAHBPrescTable                         0x2000148b   Data          16  stm32f10x_rcc.o(.data)
    ADCPrescTable                            0x2000149b   Data           4  stm32f10x_rcc.o(.data)
    .data                                    0x200014a0   Section       12  cmd_queue.o(.data)
    cmd_state                                0x200014a0   Data           4  cmd_queue.o(.data)
    cmd_pos                                  0x200014a4   Data           2  cmd_queue.o(.data)
    U3_cmd_heard                             0x200014a6   Data           2  cmd_queue.o(.data)
    U3_cmd_state                             0x200014a8   Data           2  cmd_queue.o(.data)
    U3_cmd_pos                               0x200014aa   Data           2  cmd_queue.o(.data)
    .data                                    0x200014ac   Section        4  errno.o(.data)
    _errno                                   0x200014ac   Data           4  errno.o(.data)
    .bss                                     0x200014b0   Section    16556  main.o(.bss)
    .bss                                     0x2000555c   Section      874  exdata_process.o(.bss)
    .bss                                     0x200058c6   Section     4096  w25qxx.o(.bss)
    .bss                                     0x200068c6   Section      256  usart2.o(.bss)
    .bss                                     0x200069c6   Section     1032  cmd_queue.o(.bss)
    que                                      0x200069c6   Data         516  cmd_queue.o(.bss)
    U3_que                                   0x20006bca   Data         516  cmd_queue.o(.bss)
    STACK                                    0x20006dd0   Section     1024  startup_stm32f10x_hd.o(STACK)

    Global Symbols

    Symbol Name                              Value     Ov Type        Size  Object(Section)

    BuildAttributes$$THM_ISAv4$P$D$K$B$S$PE$A:L22UL41UL21$X:L11$S22US41US21$IEEE1$IW$USESV6$~STKCKD$USESV7$~SHL$OTIME$ROPI$IEEEJ$EBA8$MICROLIB$REQ8$PRES8$EABIv2 0x00000000   Number         0  anon$$obj.o ABSOLUTE
    __ARM_use_no_argv                        0x00000000   Number         0  main.o ABSOLUTE
    _printf_a                                0x00000000   Number         0  stubs.o ABSOLUTE
    _printf_c                                0x00000000   Number         0  stubs.o ABSOLUTE
    _printf_charcount                        0x00000000   Number         0  stubs.o ABSOLUTE
    _printf_d                                0x00000000   Number         0  stubs.o ABSOLUTE
    _printf_e                                0x00000000   Number         0  stubs.o ABSOLUTE
    _printf_f                                0x00000000   Number         0  stubs.o ABSOLUTE
    _printf_flags                            0x00000000   Number         0  stubs.o ABSOLUTE
    _printf_fp_dec                           0x00000000   Number         0  stubs.o ABSOLUTE
    _printf_fp_hex                           0x00000000   Number         0  stubs.o ABSOLUTE
    _printf_g                                0x00000000   Number         0  stubs.o ABSOLUTE
    _printf_i                                0x00000000   Number         0  stubs.o ABSOLUTE
    _printf_int_dec                          0x00000000   Number         0  stubs.o ABSOLUTE
    _printf_l                                0x00000000   Number         0  stubs.o ABSOLUTE
    _printf_lc                               0x00000000   Number         0  stubs.o ABSOLUTE
    _printf_ll                               0x00000000   Number         0  stubs.o ABSOLUTE
    _printf_lld                              0x00000000   Number         0  stubs.o ABSOLUTE
    _printf_lli                              0x00000000   Number         0  stubs.o ABSOLUTE
    _printf_llo                              0x00000000   Number         0  stubs.o ABSOLUTE
    _printf_llu                              0x00000000   Number         0  stubs.o ABSOLUTE
    _printf_llx                              0x00000000   Number         0  stubs.o ABSOLUTE
    _printf_longlong_dec                     0x00000000   Number         0  stubs.o ABSOLUTE
    _printf_longlong_hex                     0x00000000   Number         0  stubs.o ABSOLUTE
    _printf_longlong_oct                     0x00000000   Number         0  stubs.o ABSOLUTE
    _printf_ls                               0x00000000   Number         0  stubs.o ABSOLUTE
    _printf_mbtowc                           0x00000000   Number         0  stubs.o ABSOLUTE
    _printf_n                                0x00000000   Number         0  stubs.o ABSOLUTE
    _printf_o                                0x00000000   Number         0  stubs.o ABSOLUTE
    _printf_p                                0x00000000   Number         0  stubs.o ABSOLUTE
    _printf_percent                          0x00000000   Number         0  stubs.o ABSOLUTE
    _printf_pre_padding                      0x00000000   Number         0  stubs.o ABSOLUTE
    _printf_return_value                     0x00000000   Number         0  stubs.o ABSOLUTE
    _printf_s                                0x00000000   Number         0  stubs.o ABSOLUTE
    _printf_sizespec                         0x00000000   Number         0  stubs.o ABSOLUTE
    _printf_str                              0x00000000   Number         0  stubs.o ABSOLUTE
    _printf_truncate_signed                  0x00000000   Number         0  stubs.o ABSOLUTE
    _printf_truncate_unsigned                0x00000000   Number         0  stubs.o ABSOLUTE
    _printf_u                                0x00000000   Number         0  stubs.o ABSOLUTE
    _printf_wc                               0x00000000   Number         0  stubs.o ABSOLUTE
    _printf_wctomb                           0x00000000   Number         0  stubs.o ABSOLUTE
    _printf_widthprec                        0x00000000   Number         0  stubs.o ABSOLUTE
    _printf_x                                0x00000000   Number         0  stubs.o ABSOLUTE
    __cpp_initialize__aeabi_                  - Undefined Weak Reference
    __cxa_finalize                            - Undefined Weak Reference
    _clock_init                               - Undefined Weak Reference
    _microlib_exit                            - Undefined Weak Reference
    __Vectors_Size                           0x00000130   Number         0  startup_stm32f10x_hd.o ABSOLUTE
    __Vectors                                0x08000000   Data           4  startup_stm32f10x_hd.o(RESET)
    __Vectors_End                            0x08000130   Data           0  startup_stm32f10x_hd.o(RESET)
    __main                                   0x08000131   Thumb Code     0  entry.o(.ARM.Collect$$$$00000000)
    _main_stk                                0x08000131   Thumb Code     0  entry2.o(.ARM.Collect$$$$00000001)
    _main_scatterload                        0x08000135   Thumb Code     0  entry5.o(.ARM.Collect$$$$00000004)
    __main_after_scatterload                 0x08000139   Thumb Code     0  entry5.o(.ARM.Collect$$$$00000004)
    _main_clock                              0x08000139   Thumb Code     0  entry7b.o(.ARM.Collect$$$$00000008)
    _main_cpp_init                           0x08000139   Thumb Code     0  entry8b.o(.ARM.Collect$$$$0000000A)
    _main_init                               0x08000139   Thumb Code     0  entry9a.o(.ARM.Collect$$$$0000000B)
    __rt_final_cpp                           0x08000141   Thumb Code     0  entry10a.o(.ARM.Collect$$$$0000000D)
    __rt_final_exit                          0x08000141   Thumb Code     0  entry11a.o(.ARM.Collect$$$$0000000F)
    Read_Config                              0x08000145   Thumb Code   154  main.o(.text)
    TIM_Init                                 0x080001df   Thumb Code     8  main.o(.text)
    Hardware_Init                            0x080001e7   Thumb Code    60  main.o(.text)
    main                                     0x08000223   Thumb Code    24  main.o(.text)
    TIM2_IRQHandler                          0x08000251   Thumb Code    22  stm32f10x_it.o(.text)
    TIM3_IRQHandler                          0x08000267   Thumb Code    32  stm32f10x_it.o(.text)
    TIM1_UP_IRQHandler                       0x08000287   Thumb Code    22  stm32f10x_it.o(.text)
    EXTI0_IRQHandler                         0x0800029d   Thumb Code    16  stm32f10x_it.o(.text)
    EXTI1_IRQHandler                         0x080002ad   Thumb Code    16  stm32f10x_it.o(.text)
    USART1_IRQHandler                        0x080002bd   Thumb Code    32  stm32f10x_it.o(.text)
    NMI_Handler                              0x080002dd   Thumb Code     2  stm32f10x_it.o(.text)
    HardFault_Handler                        0x080002df   Thumb Code     4  stm32f10x_it.o(.text)
    MemManage_Handler                        0x080002e3   Thumb Code     4  stm32f10x_it.o(.text)
    BusFault_Handler                         0x080002e7   Thumb Code     4  stm32f10x_it.o(.text)
    UsageFault_Handler                       0x080002eb   Thumb Code     4  stm32f10x_it.o(.text)
    SVC_Handler                              0x080002ef   Thumb Code     2  stm32f10x_it.o(.text)
    DebugMon_Handler                         0x080002f1   Thumb Code     2  stm32f10x_it.o(.text)
    PendSV_Handler                           0x080002f3   Thumb Code     2  stm32f10x_it.o(.text)
    SysTick_Handler                          0x080002f5   Thumb Code     2  stm32f10x_it.o(.text)
    SystemInit                               0x080003e7   Thumb Code    78  system_stm32f10x.o(.text)
    SystemCoreClockUpdate                    0x08000435   Thumb Code   142  system_stm32f10x.o(.text)
    CheckSensorStatus                        0x080004e9   Thumb Code    34  exdata_process.o(.text)
    TypeTransformInt2Float                   0x0800050b   Thumb Code   240  exdata_process.o(.text)
    CALCULATE_AVR_SD                         0x080005fb   Thumb Code   266  exdata_process.o(.text)
    PEDAL_BUTTON_DECTION                     0x08000705   Thumb Code   298  exdata_process.o(.text)
    PEDAL_KEY_DETECTION                      0x0800082f   Thumb Code    78  exdata_process.o(.text)
    GetTempHum                               0x0800087d   Thumb Code    68  exdata_process.o(.text)
    GetSensorData                            0x080008c1   Thumb Code   132  exdata_process.o(.text)
    DisplayPutdownIcon                       0x08000945   Thumb Code    24  exdata_process.o(.text)
    DisplayPickupIcon                        0x0800095d   Thumb Code    24  exdata_process.o(.text)
    UpdateGlobalData                         0x08000975   Thumb Code    36  exdata_process.o(.text)
    UpdateUI                                 0x08000999   Thumb Code   116  exdata_process.o(.text)
    NOTIFYHandShake                          0x08000a0d   Thumb Code    14  exdata_process.o(.text)
    NotifyTimer                              0x08000a1b   Thumb Code    22  exdata_process.o(.text)
    NotifySelector                           0x08000a31   Thumb Code     2  exdata_process.o(.text)
    NotifyMenu                               0x08000a33   Thumb Code     2  exdata_process.o(.text)
    NotifyMeter                              0x08000a35   Thumb Code     2  exdata_process.o(.text)
    NotifySlider                             0x08000a37   Thumb Code   174  exdata_process.o(.text)
    NotifyProgress                           0x08000ae5   Thumb Code    36  exdata_process.o(.text)
    DisplayExNameRepeatDialog                0x08000b09   Thumb Code    98  exdata_process.o(.text)
    DisplayExNameOverflowDialog              0x08000b6b   Thumb Code    98  exdata_process.o(.text)
    DetectNameRepeat                         0x08000bcd   Thumb Code   102  exdata_process.o(.text)
    DetectNameRange                          0x08000c33   Thumb Code    16  exdata_process.o(.text)
    CLEAN_EX_INTERFACE                       0x08000c43   Thumb Code   222  exdata_process.o(.text)
    SAVE_DATA                                0x08000d21   Thumb Code   400  exdata_process.o(.text)
    NotifyText                               0x08000eb1   Thumb Code   288  exdata_process.o(.text)
    DELETE_EXDATA                            0x08000fd1   Thumb Code   188  exdata_process.o(.text)
    DisplayDeleteDataDialog                  0x0800108d   Thumb Code   124  exdata_process.o(.text)
    DisplayExportDataDialog                  0x08001109   Thumb Code    72  exdata_process.o(.text)
    UPPERCASE                                0x08001151   Thumb Code    34  exdata_process.o(.text)
    EXPORT_EXDATA                            0x08001173   Thumb Code  1386  exdata_process.o(.text)
    EnableScreen3Button                      0x080016dd   Thumb Code    74  exdata_process.o(.text)
    HideExportAllDataDialog                  0x08001727   Thumb Code    60  exdata_process.o(.text)
    HideClearDataDialog                      0x08001763   Thumb Code    72  exdata_process.o(.text)
    CLEAN_EXDATA                             0x080017ab   Thumb Code   164  exdata_process.o(.text)
    DisplayClearDataDialog                   0x0800184f   Thumb Code   124  exdata_process.o(.text)
    DisplayExportAllDataDialog               0x080018cb   Thumb Code    72  exdata_process.o(.text)
    DisEnableScreen3Button                   0x08001913   Thumb Code    74  exdata_process.o(.text)
    EXPORT_ALL_EXDATA                        0x0800195d   Thumb Code  1194  exdata_process.o(.text)
    read_eer_date                            0x08001e07   Thumb Code    70  exdata_process.o(.text)
    CLEAN_PRIMARY_HISTORY_INTERFACE          0x08001e4d   Thumb Code    28  exdata_process.o(.text)
    Display_Primary_History_Interface        0x08001e69   Thumb Code   596  exdata_process.o(.text)
    SetBeepSound                             0x080020bd   Thumb Code    76  exdata_process.o(.text)
    DisplayDataOverflowDialog                0x08002109   Thumb Code   124  exdata_process.o(.text)
    NotifyButton                             0x08002185   Thumb Code   856  exdata_process.o(.text)
    Display_Secondary_History_Interface      0x080024dd   Thumb Code   546  exdata_process.o(.text)
    HideExportDataDialog                     0x080026ff   Thumb Code    60  exdata_process.o(.text)
    HideDeleteDataDialog                     0x0800273b   Thumb Code    72  exdata_process.o(.text)
    CLEAN_SECONDARY_HISTORY_INTERFACE        0x08002783   Thumb Code    26  exdata_process.o(.text)
    HideExNameOverflowDialog                 0x0800279d   Thumb Code    60  exdata_process.o(.text)
    HideDataOverflowDialog                   0x080027d9   Thumb Code    72  exdata_process.o(.text)
    HideExNameRepeatDialog                   0x08002821   Thumb Code    60  exdata_process.o(.text)
    NotifyScreen                             0x0800285d   Thumb Code   570  exdata_process.o(.text)
    NotifyReadRTC                            0x08002a97   Thumb Code   206  exdata_process.o(.text)
    NotifyReadFlash                          0x08002b65   Thumb Code     2  exdata_process.o(.text)
    NotifyWriteFlash                         0x08002b67   Thumb Code     2  exdata_process.o(.text)
    NotifyTouchXY                            0x08002b69   Thumb Code     2  exdata_process.o(.text)
    ProcessMessage                           0x08002b6b   Thumb Code   440  exdata_process.o(.text)
    InitConfig                               0x08002d23   Thumb Code   114  exdata_process.o(.text)
    LCD_HANDLE                               0x08002d95   Thumb Code    58  exdata_process.o(.text)
    GETLEN                                   0x08002dcf   Thumb Code    22  exdata_process.o(.text)
    AT24CXX_Init                             0x08002df9   Thumb Code     8  24cxx.o(.text)
    AT24CXX_ReadOneByte                      0x08002e01   Thumb Code    84  24cxx.o(.text)
    AT24CXX_WriteOneByte                     0x08002e55   Thumb Code    76  24cxx.o(.text)
    AT24CXX_WriteLenByte                     0x08002ea1   Thumb Code    42  24cxx.o(.text)
    AT24CXX_ReadLenByte                      0x08002ecb   Thumb Code    44  24cxx.o(.text)
    AT24CXX_Check                            0x08002ef7   Thumb Code    46  24cxx.o(.text)
    AT24CXX_Read                             0x08002f25   Thumb Code    32  24cxx.o(.text)
    AT24CXX_Write                            0x08002f45   Thumb Code    34  24cxx.o(.text)
    IIC_Init                                 0x08002f69   Thumb Code    46  myiic.o(.text)
    IIC_Start                                0x08002f97   Thumb Code    64  myiic.o(.text)
    IIC_Stop                                 0x08002fd7   Thumb Code    66  myiic.o(.text)
    IIC_Wait_Ack                             0x08003019   Thumb Code    86  myiic.o(.text)
    IIC_Ack                                  0x0800306f   Thumb Code    70  myiic.o(.text)
    IIC_NAck                                 0x080030b5   Thumb Code    70  myiic.o(.text)
    IIC_Send_Byte                            0x080030fb   Thumb Code   104  myiic.o(.text)
    IIC_Read_Byte                            0x08003163   Thumb Code   100  myiic.o(.text)
    W25QXX_ReadID                            0x080031d5   Thumb Code    64  w25qxx.o(.text)
    W25QXX_Init                              0x08003215   Thumb Code    74  w25qxx.o(.text)
    W25QXX_ReadSR                            0x0800325f   Thumb Code    36  w25qxx.o(.text)
    W25QXX_Write_SR                          0x08003283   Thumb Code    32  w25qxx.o(.text)
    W25QXX_Write_Enable                      0x080032a3   Thumb Code    24  w25qxx.o(.text)
    W25QXX_Write_Disable                     0x080032bb   Thumb Code    24  w25qxx.o(.text)
    W25QXX_Read                              0x080032d3   Thumb Code    74  w25qxx.o(.text)
    W25QXX_Wait_Busy                         0x0800331d   Thumb Code    18  w25qxx.o(.text)
    W25QXX_Write_Page                        0x0800332f   Thumb Code    80  w25qxx.o(.text)
    W25QXX_Write_NoCheck                     0x0800337f   Thumb Code    70  w25qxx.o(.text)
    W25QXX_Erase_Sector                      0x080033c5   Thumb Code    62  w25qxx.o(.text)
    W25QXX_Write                             0x08003403   Thumb Code   180  w25qxx.o(.text)
    W25QXX_Erase_Chip                        0x080034b7   Thumb Code    36  w25qxx.o(.text)
    W25QXX_PowerDown                         0x080034db   Thumb Code    30  w25qxx.o(.text)
    W25QXX_WAKEUP                            0x080034f9   Thumb Code    30  w25qxx.o(.text)
    SPI2_ReadWriteByte                       0x0800352d   Thumb Code    78  spi.o(.text)
    SPI2_Init                                0x0800357b   Thumb Code   140  spi.o(.text)
    SPI2_SetSpeed                            0x08003607   Thumb Code    36  spi.o(.text)
    LED_Init                                 0x08003635   Thumb Code    50  led.o(.text)
    KEY_Init                                 0x0800366d   Thumb Code    32  key.o(.text)
    DHT11_Rst                                0x08003691   Thumb Code    52  dht11.o(.text)
    DHT11_Check                              0x080036c5   Thumb Code    96  dht11.o(.text)
    DHT11_Read_Bit                           0x08003725   Thumb Code    76  dht11.o(.text)
    DHT11_Read_Byte                          0x08003771   Thumb Code    30  dht11.o(.text)
    DHT11_Read_Data                          0x0800378f   Thumb Code    88  dht11.o(.text)
    DHT11_Init                               0x080037e7   Thumb Code    58  dht11.o(.text)
    delay_init                               0x0800382d   Thumb Code    50  delay.o(.text)
    delay_us                                 0x0800385f   Thumb Code    72  delay.o(.text)
    delay_ms                                 0x080038a7   Thumb Code    72  delay.o(.text)
    TIM3_Init                                0x08003901   Thumb Code    96  timer3.o(.text)
    USART2_Init                              0x08003965   Thumb Code   162  usart2.o(.text)
    USART2_IRQHandler                        0x08003a07   Thumb Code   316  usart2.o(.text)
    GetCRC                                   0x08003b61   Thumb Code    48  crc.o(.text)
    Reset_Handler                            0x08003b99   Thumb Code     8  startup_stm32f10x_hd.o(.text)
    ADC1_2_IRQHandler                        0x08003bb3   Thumb Code     0  startup_stm32f10x_hd.o(.text)
    ADC3_IRQHandler                          0x08003bb3   Thumb Code     0  startup_stm32f10x_hd.o(.text)
    CAN1_RX1_IRQHandler                      0x08003bb3   Thumb Code     0  startup_stm32f10x_hd.o(.text)
    CAN1_SCE_IRQHandler                      0x08003bb3   Thumb Code     0  startup_stm32f10x_hd.o(.text)
    DMA1_Channel1_IRQHandler                 0x08003bb3   Thumb Code     0  startup_stm32f10x_hd.o(.text)
    DMA1_Channel2_IRQHandler                 0x08003bb3   Thumb Code     0  startup_stm32f10x_hd.o(.text)
    DMA1_Channel3_IRQHandler                 0x08003bb3   Thumb Code     0  startup_stm32f10x_hd.o(.text)
    DMA1_Channel4_IRQHandler                 0x08003bb3   Thumb Code     0  startup_stm32f10x_hd.o(.text)
    DMA1_Channel5_IRQHandler                 0x08003bb3   Thumb Code     0  startup_stm32f10x_hd.o(.text)
    DMA1_Channel6_IRQHandler                 0x08003bb3   Thumb Code     0  startup_stm32f10x_hd.o(.text)
    DMA1_Channel7_IRQHandler                 0x08003bb3   Thumb Code     0  startup_stm32f10x_hd.o(.text)
    DMA2_Channel1_IRQHandler                 0x08003bb3   Thumb Code     0  startup_stm32f10x_hd.o(.text)
    DMA2_Channel2_IRQHandler                 0x08003bb3   Thumb Code     0  startup_stm32f10x_hd.o(.text)
    DMA2_Channel3_IRQHandler                 0x08003bb3   Thumb Code     0  startup_stm32f10x_hd.o(.text)
    DMA2_Channel4_5_IRQHandler               0x08003bb3   Thumb Code     0  startup_stm32f10x_hd.o(.text)
    EXTI15_10_IRQHandler                     0x08003bb3   Thumb Code     0  startup_stm32f10x_hd.o(.text)
    EXTI2_IRQHandler                         0x08003bb3   Thumb Code     0  startup_stm32f10x_hd.o(.text)
    EXTI3_IRQHandler                         0x08003bb3   Thumb Code     0  startup_stm32f10x_hd.o(.text)
    EXTI4_IRQHandler                         0x08003bb3   Thumb Code     0  startup_stm32f10x_hd.o(.text)
    EXTI9_5_IRQHandler                       0x08003bb3   Thumb Code     0  startup_stm32f10x_hd.o(.text)
    FLASH_IRQHandler                         0x08003bb3   Thumb Code     0  startup_stm32f10x_hd.o(.text)
    FSMC_IRQHandler                          0x08003bb3   Thumb Code     0  startup_stm32f10x_hd.o(.text)
    I2C1_ER_IRQHandler                       0x08003bb3   Thumb Code     0  startup_stm32f10x_hd.o(.text)
    I2C1_EV_IRQHandler                       0x08003bb3   Thumb Code     0  startup_stm32f10x_hd.o(.text)
    I2C2_ER_IRQHandler                       0x08003bb3   Thumb Code     0  startup_stm32f10x_hd.o(.text)
    I2C2_EV_IRQHandler                       0x08003bb3   Thumb Code     0  startup_stm32f10x_hd.o(.text)
    PVD_IRQHandler                           0x08003bb3   Thumb Code     0  startup_stm32f10x_hd.o(.text)
    RCC_IRQHandler                           0x08003bb3   Thumb Code     0  startup_stm32f10x_hd.o(.text)
    RTCAlarm_IRQHandler                      0x08003bb3   Thumb Code     0  startup_stm32f10x_hd.o(.text)
    RTC_IRQHandler                           0x08003bb3   Thumb Code     0  startup_stm32f10x_hd.o(.text)
    SDIO_IRQHandler                          0x08003bb3   Thumb Code     0  startup_stm32f10x_hd.o(.text)
    SPI1_IRQHandler                          0x08003bb3   Thumb Code     0  startup_stm32f10x_hd.o(.text)
    SPI2_IRQHandler                          0x08003bb3   Thumb Code     0  startup_stm32f10x_hd.o(.text)
    SPI3_IRQHandler                          0x08003bb3   Thumb Code     0  startup_stm32f10x_hd.o(.text)
    TAMPER_IRQHandler                        0x08003bb3   Thumb Code     0  startup_stm32f10x_hd.o(.text)
    TIM1_BRK_IRQHandler                      0x08003bb3   Thumb Code     0  startup_stm32f10x_hd.o(.text)
    TIM1_CC_IRQHandler                       0x08003bb3   Thumb Code     0  startup_stm32f10x_hd.o(.text)
    TIM1_TRG_COM_IRQHandler                  0x08003bb3   Thumb Code     0  startup_stm32f10x_hd.o(.text)
    TIM4_IRQHandler                          0x08003bb3   Thumb Code     0  startup_stm32f10x_hd.o(.text)
    TIM5_IRQHandler                          0x08003bb3   Thumb Code     0  startup_stm32f10x_hd.o(.text)
    TIM6_IRQHandler                          0x08003bb3   Thumb Code     0  startup_stm32f10x_hd.o(.text)
    TIM7_IRQHandler                          0x08003bb3   Thumb Code     0  startup_stm32f10x_hd.o(.text)
    TIM8_BRK_IRQHandler                      0x08003bb3   Thumb Code     0  startup_stm32f10x_hd.o(.text)
    TIM8_CC_IRQHandler                       0x08003bb3   Thumb Code     0  startup_stm32f10x_hd.o(.text)
    TIM8_TRG_COM_IRQHandler                  0x08003bb3   Thumb Code     0  startup_stm32f10x_hd.o(.text)
    TIM8_UP_IRQHandler                       0x08003bb3   Thumb Code     0  startup_stm32f10x_hd.o(.text)
    UART4_IRQHandler                         0x08003bb3   Thumb Code     0  startup_stm32f10x_hd.o(.text)
    UART5_IRQHandler                         0x08003bb3   Thumb Code     0  startup_stm32f10x_hd.o(.text)
    USART3_IRQHandler                        0x08003bb3   Thumb Code     0  startup_stm32f10x_hd.o(.text)
    USBWakeUp_IRQHandler                     0x08003bb3   Thumb Code     0  startup_stm32f10x_hd.o(.text)
    USB_HP_CAN1_TX_IRQHandler                0x08003bb3   Thumb Code     0  startup_stm32f10x_hd.o(.text)
    USB_LP_CAN1_RX0_IRQHandler               0x08003bb3   Thumb Code     0  startup_stm32f10x_hd.o(.text)
    WWDG_IRQHandler                          0x08003bb3   Thumb Code     0  startup_stm32f10x_hd.o(.text)
    NVIC_PriorityGroupConfig                 0x08003bbd   Thumb Code    10  misc.o(.text)
    NVIC_Init                                0x08003bc7   Thumb Code   100  misc.o(.text)
    NVIC_SetVectorTable                      0x08003c2b   Thumb Code    14  misc.o(.text)
    NVIC_SystemLPConfig                      0x08003c39   Thumb Code    34  misc.o(.text)
    SysTick_CLKSourceConfig                  0x08003c5b   Thumb Code    40  misc.o(.text)
    GPIO_DeInit                              0x08003c99   Thumb Code   172  stm32f10x_gpio.o(.text)
    GPIO_AFIODeInit                          0x08003d45   Thumb Code    20  stm32f10x_gpio.o(.text)
    GPIO_Init                                0x08003d59   Thumb Code   278  stm32f10x_gpio.o(.text)
    GPIO_StructInit                          0x08003e6f   Thumb Code    16  stm32f10x_gpio.o(.text)
    GPIO_ReadInputDataBit                    0x08003e7f   Thumb Code    18  stm32f10x_gpio.o(.text)
    GPIO_ReadInputData                       0x08003e91   Thumb Code     8  stm32f10x_gpio.o(.text)
    GPIO_ReadOutputDataBit                   0x08003e99   Thumb Code    18  stm32f10x_gpio.o(.text)
    GPIO_ReadOutputData                      0x08003eab   Thumb Code     8  stm32f10x_gpio.o(.text)
    GPIO_SetBits                             0x08003eb3   Thumb Code     4  stm32f10x_gpio.o(.text)
    GPIO_ResetBits                           0x08003eb7   Thumb Code     4  stm32f10x_gpio.o(.text)
    GPIO_WriteBit                            0x08003ebb   Thumb Code    10  stm32f10x_gpio.o(.text)
    GPIO_Write                               0x08003ec5   Thumb Code     4  stm32f10x_gpio.o(.text)
    GPIO_PinLockConfig                       0x08003ec9   Thumb Code    18  stm32f10x_gpio.o(.text)
    GPIO_EventOutputConfig                   0x08003edb   Thumb Code    26  stm32f10x_gpio.o(.text)
    GPIO_EventOutputCmd                      0x08003ef5   Thumb Code     6  stm32f10x_gpio.o(.text)
    GPIO_PinRemapConfig                      0x08003efb   Thumb Code   138  stm32f10x_gpio.o(.text)
    GPIO_EXTILineConfig                      0x08003f85   Thumb Code    66  stm32f10x_gpio.o(.text)
    GPIO_ETH_MediaInterfaceConfig            0x08003fc7   Thumb Code     8  stm32f10x_gpio.o(.text)
    RCC_DeInit                               0x08003ff5   Thumb Code    64  stm32f10x_rcc.o(.text)
    RCC_HSEConfig                            0x08004035   Thumb Code    70  stm32f10x_rcc.o(.text)
    RCC_GetFlagStatus                        0x0800407b   Thumb Code    56  stm32f10x_rcc.o(.text)
    RCC_WaitForHSEStartUp                    0x080040b3   Thumb Code    56  stm32f10x_rcc.o(.text)
    RCC_AdjustHSICalibrationValue            0x080040eb   Thumb Code    20  stm32f10x_rcc.o(.text)
    RCC_HSICmd                               0x080040ff   Thumb Code     6  stm32f10x_rcc.o(.text)
    RCC_PLLConfig                            0x08004105   Thumb Code    24  stm32f10x_rcc.o(.text)
    RCC_PLLCmd                               0x0800411d   Thumb Code     6  stm32f10x_rcc.o(.text)
    RCC_SYSCLKConfig                         0x08004123   Thumb Code    18  stm32f10x_rcc.o(.text)
    RCC_GetSYSCLKSource                      0x08004135   Thumb Code    10  stm32f10x_rcc.o(.text)
    RCC_HCLKConfig                           0x0800413f   Thumb Code    18  stm32f10x_rcc.o(.text)
    RCC_PCLK1Config                          0x08004151   Thumb Code    18  stm32f10x_rcc.o(.text)
    RCC_PCLK2Config                          0x08004163   Thumb Code    20  stm32f10x_rcc.o(.text)
    RCC_ITConfig                             0x08004177   Thumb Code    26  stm32f10x_rcc.o(.text)
    RCC_USBCLKConfig                         0x08004191   Thumb Code     8  stm32f10x_rcc.o(.text)
    RCC_ADCCLKConfig                         0x08004199   Thumb Code    18  stm32f10x_rcc.o(.text)
    RCC_LSEConfig                            0x080041ab   Thumb Code    50  stm32f10x_rcc.o(.text)
    RCC_LSICmd                               0x080041dd   Thumb Code     6  stm32f10x_rcc.o(.text)
    RCC_RTCCLKConfig                         0x080041e3   Thumb Code    12  stm32f10x_rcc.o(.text)
    RCC_RTCCLKCmd                            0x080041ef   Thumb Code     8  stm32f10x_rcc.o(.text)
    RCC_GetClocksFreq                        0x080041f7   Thumb Code   192  stm32f10x_rcc.o(.text)
    RCC_AHBPeriphClockCmd                    0x080042b7   Thumb Code    26  stm32f10x_rcc.o(.text)
    RCC_APB2PeriphClockCmd                   0x080042d1   Thumb Code    26  stm32f10x_rcc.o(.text)
    RCC_APB1PeriphClockCmd                   0x080042eb   Thumb Code    26  stm32f10x_rcc.o(.text)
    RCC_APB2PeriphResetCmd                   0x08004305   Thumb Code    26  stm32f10x_rcc.o(.text)
    RCC_APB1PeriphResetCmd                   0x0800431f   Thumb Code    26  stm32f10x_rcc.o(.text)
    RCC_BackupResetCmd                       0x08004339   Thumb Code     8  stm32f10x_rcc.o(.text)
    RCC_ClockSecuritySystemCmd               0x08004341   Thumb Code     6  stm32f10x_rcc.o(.text)
    RCC_MCOConfig                            0x08004347   Thumb Code     6  stm32f10x_rcc.o(.text)
    RCC_ClearFlag                            0x0800434d   Thumb Code    14  stm32f10x_rcc.o(.text)
    RCC_GetITStatus                          0x0800435b   Thumb Code    20  stm32f10x_rcc.o(.text)
    RCC_ClearITPendingBit                    0x0800436f   Thumb Code     6  stm32f10x_rcc.o(.text)
    USART_DeInit                             0x08004399   Thumb Code   134  stm32f10x_usart.o(.text)
    USART_Init                               0x0800441f   Thumb Code   210  stm32f10x_usart.o(.text)
    USART_StructInit                         0x080044f1   Thumb Code    24  stm32f10x_usart.o(.text)
    USART_ClockInit                          0x08004509   Thumb Code    34  stm32f10x_usart.o(.text)
    USART_ClockStructInit                    0x0800452b   Thumb Code    12  stm32f10x_usart.o(.text)
    USART_Cmd                                0x08004537   Thumb Code    24  stm32f10x_usart.o(.text)
    USART_ITConfig                           0x0800454f   Thumb Code    74  stm32f10x_usart.o(.text)
    USART_DMACmd                             0x08004599   Thumb Code    18  stm32f10x_usart.o(.text)
    USART_SetAddress                         0x080045ab   Thumb Code    18  stm32f10x_usart.o(.text)
    USART_WakeUpConfig                       0x080045bd   Thumb Code    18  stm32f10x_usart.o(.text)
    USART_ReceiverWakeUpCmd                  0x080045cf   Thumb Code    24  stm32f10x_usart.o(.text)
    USART_LINBreakDetectLengthConfig         0x080045e7   Thumb Code    18  stm32f10x_usart.o(.text)
    USART_LINCmd                             0x080045f9   Thumb Code    24  stm32f10x_usart.o(.text)
    USART_SendData                           0x08004611   Thumb Code     8  stm32f10x_usart.o(.text)
    USART_ReceiveData                        0x08004619   Thumb Code    10  stm32f10x_usart.o(.text)
    USART_SendBreak                          0x08004623   Thumb Code    10  stm32f10x_usart.o(.text)
    USART_SetGuardTime                       0x0800462d   Thumb Code    16  stm32f10x_usart.o(.text)
    USART_SetPrescaler                       0x0800463d   Thumb Code    16  stm32f10x_usart.o(.text)
    USART_SmartCardCmd                       0x0800464d   Thumb Code    24  stm32f10x_usart.o(.text)
    USART_SmartCardNACKCmd                   0x08004665   Thumb Code    24  stm32f10x_usart.o(.text)
    USART_HalfDuplexCmd                      0x0800467d   Thumb Code    24  stm32f10x_usart.o(.text)
    USART_OverSampling8Cmd                   0x08004695   Thumb Code    22  stm32f10x_usart.o(.text)
    USART_OneBitMethodCmd                    0x080046ab   Thumb Code    24  stm32f10x_usart.o(.text)
    USART_IrDAConfig                         0x080046c3   Thumb Code    18  stm32f10x_usart.o(.text)
    USART_IrDACmd                            0x080046d5   Thumb Code    24  stm32f10x_usart.o(.text)
    USART_GetFlagStatus                      0x080046ed   Thumb Code    26  stm32f10x_usart.o(.text)
    USART_ClearFlag                          0x08004707   Thumb Code    18  stm32f10x_usart.o(.text)
    USART_GetITStatus                        0x08004719   Thumb Code    84  stm32f10x_usart.o(.text)
    USART_ClearITPendingBit                  0x0800476d   Thumb Code    52  stm32f10x_usart.o(.text)
    EXTI_DeInit                              0x080047a1   Thumb Code    28  stm32f10x_exti.o(.text)
    EXTI_Init                                0x080047bd   Thumb Code   142  stm32f10x_exti.o(.text)
    EXTI_StructInit                          0x0800484b   Thumb Code    16  stm32f10x_exti.o(.text)
    EXTI_GenerateSWInterrupt                 0x0800485b   Thumb Code    16  stm32f10x_exti.o(.text)
    EXTI_GetFlagStatus                       0x0800486b   Thumb Code    22  stm32f10x_exti.o(.text)
    EXTI_ClearFlag                           0x08004881   Thumb Code     8  stm32f10x_exti.o(.text)
    EXTI_GetITStatus                         0x08004889   Thumb Code    34  stm32f10x_exti.o(.text)
    EXTI_ClearITPendingBit                   0x080048ab   Thumb Code     8  stm32f10x_exti.o(.text)
    TIM_DeInit                               0x080048bd   Thumb Code   424  stm32f10x_tim.o(.text)
    TIM_TimeBaseInit                         0x08004a65   Thumb Code   122  stm32f10x_tim.o(.text)
    TIM_OC1Init                              0x08004adf   Thumb Code   132  stm32f10x_tim.o(.text)
    TIM_OC2Init                              0x08004b63   Thumb Code   154  stm32f10x_tim.o(.text)
    TIM_OC3Init                              0x08004bfd   Thumb Code   150  stm32f10x_tim.o(.text)
    TIM_OC4Init                              0x08004c93   Thumb Code   182  stm32f10x_tim.o(.text)
    TIM_SetIC4Prescaler                      0x08004d49   Thumb Code    26  stm32f10x_tim.o(.text)
    TIM_SetIC3Prescaler                      0x08004de5   Thumb Code    18  stm32f10x_tim.o(.text)
    TIM_SetIC2Prescaler                      0x08004e71   Thumb Code    26  stm32f10x_tim.o(.text)
    TIM_SetIC1Prescaler                      0x08004f0d   Thumb Code    18  stm32f10x_tim.o(.text)
    TIM_ICInit                               0x08004f8b   Thumb Code   150  stm32f10x_tim.o(.text)
    TIM_PWMIConfig                           0x08005021   Thumb Code   124  stm32f10x_tim.o(.text)
    TIM_BDTRConfig                           0x0800509d   Thumb Code    32  stm32f10x_tim.o(.text)
    TIM_TimeBaseStructInit                   0x080050bd   Thumb Code    18  stm32f10x_tim.o(.text)
    TIM_OCStructInit                         0x080050cf   Thumb Code    20  stm32f10x_tim.o(.text)
    TIM_ICStructInit                         0x080050e3   Thumb Code    18  stm32f10x_tim.o(.text)
    TIM_BDTRStructInit                       0x080050f5   Thumb Code    40  stm32f10x_tim.o(.text)
    TIM_Cmd                                  0x0800511d   Thumb Code    24  stm32f10x_tim.o(.text)
    TIM_CtrlPWMOutputs                       0x08005135   Thumb Code    30  stm32f10x_tim.o(.text)
    TIM_ITConfig                             0x08005153   Thumb Code    18  stm32f10x_tim.o(.text)
    TIM_GenerateEvent                        0x08005165   Thumb Code     4  stm32f10x_tim.o(.text)
    TIM_DMAConfig                            0x08005169   Thumb Code    10  stm32f10x_tim.o(.text)
    TIM_DMACmd                               0x08005173   Thumb Code    18  stm32f10x_tim.o(.text)
    TIM_InternalClockConfig                  0x08005185   Thumb Code    12  stm32f10x_tim.o(.text)
    TIM_SelectInputTrigger                   0x08005191   Thumb Code    18  stm32f10x_tim.o(.text)
    TIM_ITRxExternalClockConfig              0x080051a3   Thumb Code    24  stm32f10x_tim.o(.text)
    TIM_TIxExternalClockConfig               0x080051bb   Thumb Code    62  stm32f10x_tim.o(.text)
    TIM_ETRConfig                            0x080051f9   Thumb Code    28  stm32f10x_tim.o(.text)
    TIM_ETRClockMode1Config                  0x08005215   Thumb Code    54  stm32f10x_tim.o(.text)
    TIM_ETRClockMode2Config                  0x0800524b   Thumb Code    32  stm32f10x_tim.o(.text)
    TIM_PrescalerConfig                      0x0800526b   Thumb Code     6  stm32f10x_tim.o(.text)
    TIM_CounterModeConfig                    0x08005271   Thumb Code    18  stm32f10x_tim.o(.text)
    TIM_EncoderInterfaceConfig               0x08005283   Thumb Code    66  stm32f10x_tim.o(.text)
    TIM_ForcedOC1Config                      0x080052c5   Thumb Code    18  stm32f10x_tim.o(.text)
    TIM_ForcedOC2Config                      0x080052d7   Thumb Code    26  stm32f10x_tim.o(.text)
    TIM_ForcedOC3Config                      0x080052f1   Thumb Code    18  stm32f10x_tim.o(.text)
    TIM_ForcedOC4Config                      0x08005303   Thumb Code    26  stm32f10x_tim.o(.text)
    TIM_ARRPreloadConfig                     0x0800531d   Thumb Code    24  stm32f10x_tim.o(.text)
    TIM_SelectCOM                            0x08005335   Thumb Code    24  stm32f10x_tim.o(.text)
    TIM_SelectCCDMA                          0x0800534d   Thumb Code    24  stm32f10x_tim.o(.text)
    TIM_CCPreloadControl                     0x08005365   Thumb Code    24  stm32f10x_tim.o(.text)
    TIM_OC1PreloadConfig                     0x0800537d   Thumb Code    18  stm32f10x_tim.o(.text)
    TIM_OC2PreloadConfig                     0x0800538f   Thumb Code    26  stm32f10x_tim.o(.text)
    TIM_OC3PreloadConfig                     0x080053a9   Thumb Code    18  stm32f10x_tim.o(.text)
    TIM_OC4PreloadConfig                     0x080053bb   Thumb Code    26  stm32f10x_tim.o(.text)
    TIM_OC1FastConfig                        0x080053d5   Thumb Code    18  stm32f10x_tim.o(.text)
    TIM_OC2FastConfig                        0x080053e7   Thumb Code    26  stm32f10x_tim.o(.text)
    TIM_OC3FastConfig                        0x08005401   Thumb Code    18  stm32f10x_tim.o(.text)
    TIM_OC4FastConfig                        0x08005413   Thumb Code    26  stm32f10x_tim.o(.text)
    TIM_ClearOC1Ref                          0x0800542d   Thumb Code    18  stm32f10x_tim.o(.text)
    TIM_ClearOC2Ref                          0x0800543f   Thumb Code    24  stm32f10x_tim.o(.text)
    TIM_ClearOC3Ref                          0x08005457   Thumb Code    18  stm32f10x_tim.o(.text)
    TIM_ClearOC4Ref                          0x08005469   Thumb Code    24  stm32f10x_tim.o(.text)
    TIM_OC1PolarityConfig                    0x08005481   Thumb Code    18  stm32f10x_tim.o(.text)
    TIM_OC1NPolarityConfig                   0x08005493   Thumb Code    18  stm32f10x_tim.o(.text)
    TIM_OC2PolarityConfig                    0x080054a5   Thumb Code    26  stm32f10x_tim.o(.text)
    TIM_OC2NPolarityConfig                   0x080054bf   Thumb Code    26  stm32f10x_tim.o(.text)
    TIM_OC3PolarityConfig                    0x080054d9   Thumb Code    26  stm32f10x_tim.o(.text)
    TIM_OC3NPolarityConfig                   0x080054f3   Thumb Code    26  stm32f10x_tim.o(.text)
    TIM_OC4PolarityConfig                    0x0800550d   Thumb Code    26  stm32f10x_tim.o(.text)
    TIM_CCxCmd                               0x08005527   Thumb Code    30  stm32f10x_tim.o(.text)
    TIM_CCxNCmd                              0x08005545   Thumb Code    30  stm32f10x_tim.o(.text)
    TIM_SelectOCxM                           0x08005563   Thumb Code    82  stm32f10x_tim.o(.text)
    TIM_UpdateDisableConfig                  0x080055b5   Thumb Code    24  stm32f10x_tim.o(.text)
    TIM_UpdateRequestConfig                  0x080055cd   Thumb Code    24  stm32f10x_tim.o(.text)
    TIM_SelectHallSensor                     0x080055e5   Thumb Code    24  stm32f10x_tim.o(.text)
    TIM_SelectOnePulseMode                   0x080055fd   Thumb Code    18  stm32f10x_tim.o(.text)
    TIM_SelectOutputTrigger                  0x0800560f   Thumb Code    18  stm32f10x_tim.o(.text)
    TIM_SelectSlaveMode                      0x08005621   Thumb Code    18  stm32f10x_tim.o(.text)
    TIM_SelectMasterSlaveMode                0x08005633   Thumb Code    18  stm32f10x_tim.o(.text)
    TIM_SetCounter                           0x08005645   Thumb Code     4  stm32f10x_tim.o(.text)
    TIM_SetAutoreload                        0x08005649   Thumb Code     4  stm32f10x_tim.o(.text)
    TIM_SetCompare1                          0x0800564d   Thumb Code     4  stm32f10x_tim.o(.text)
    TIM_SetCompare2                          0x08005651   Thumb Code     4  stm32f10x_tim.o(.text)
    TIM_SetCompare3                          0x08005655   Thumb Code     4  stm32f10x_tim.o(.text)
    TIM_SetCompare4                          0x08005659   Thumb Code     6  stm32f10x_tim.o(.text)
    TIM_SetClockDivision                     0x0800565f   Thumb Code    18  stm32f10x_tim.o(.text)
    TIM_GetCapture1                          0x08005671   Thumb Code     6  stm32f10x_tim.o(.text)
    TIM_GetCapture2                          0x08005677   Thumb Code     6  stm32f10x_tim.o(.text)
    TIM_GetCapture3                          0x0800567d   Thumb Code     6  stm32f10x_tim.o(.text)
    TIM_GetCapture4                          0x08005683   Thumb Code     8  stm32f10x_tim.o(.text)
    TIM_GetCounter                           0x0800568b   Thumb Code     6  stm32f10x_tim.o(.text)
    TIM_GetPrescaler                         0x08005691   Thumb Code     6  stm32f10x_tim.o(.text)
    TIM_GetFlagStatus                        0x08005697   Thumb Code    18  stm32f10x_tim.o(.text)
    TIM_ClearFlag                            0x080056a9   Thumb Code     6  stm32f10x_tim.o(.text)
    TIM_GetITStatus                          0x080056af   Thumb Code    34  stm32f10x_tim.o(.text)
    TIM_ClearITPendingBit                    0x080056d1   Thumb Code     6  stm32f10x_tim.o(.text)
    SPI_I2S_DeInit                           0x080056d9   Thumb Code    76  stm32f10x_spi.o(.text)
    SPI_Init                                 0x08005725   Thumb Code    60  stm32f10x_spi.o(.text)
    I2S_Init                                 0x08005761   Thumb Code   226  stm32f10x_spi.o(.text)
    SPI_StructInit                           0x08005843   Thumb Code    24  stm32f10x_spi.o(.text)
    I2S_StructInit                           0x0800585b   Thumb Code    20  stm32f10x_spi.o(.text)
    SPI_Cmd                                  0x0800586f   Thumb Code    24  stm32f10x_spi.o(.text)
    I2S_Cmd                                  0x08005887   Thumb Code    24  stm32f10x_spi.o(.text)
    SPI_I2S_ITConfig                         0x0800589f   Thumb Code    32  stm32f10x_spi.o(.text)
    SPI_I2S_DMACmd                           0x080058bf   Thumb Code    18  stm32f10x_spi.o(.text)
    SPI_I2S_SendData                         0x080058d1   Thumb Code     4  stm32f10x_spi.o(.text)
    SPI_I2S_ReceiveData                      0x080058d5   Thumb Code     6  stm32f10x_spi.o(.text)
    SPI_NSSInternalSoftwareConfig            0x080058db   Thumb Code    30  stm32f10x_spi.o(.text)
    SPI_SSOutputCmd                          0x080058f9   Thumb Code    24  stm32f10x_spi.o(.text)
    SPI_DataSizeConfig                       0x08005911   Thumb Code    18  stm32f10x_spi.o(.text)
    SPI_TransmitCRC                          0x08005923   Thumb Code    10  stm32f10x_spi.o(.text)
    SPI_CalculateCRC                         0x0800592d   Thumb Code    24  stm32f10x_spi.o(.text)
    SPI_GetCRC                               0x08005945   Thumb Code    16  stm32f10x_spi.o(.text)
    SPI_GetCRCPolynomial                     0x08005955   Thumb Code     6  stm32f10x_spi.o(.text)
    SPI_BiDirectionalLineConfig              0x0800595b   Thumb Code    28  stm32f10x_spi.o(.text)
    SPI_I2S_GetFlagStatus                    0x08005977   Thumb Code    18  stm32f10x_spi.o(.text)
    SPI_I2S_ClearFlag                        0x08005989   Thumb Code     6  stm32f10x_spi.o(.text)
    SPI_I2S_GetITStatus                      0x0800598f   Thumb Code    52  stm32f10x_spi.o(.text)
    SPI_I2S_ClearITPendingBit                0x080059c3   Thumb Code    20  stm32f10x_spi.o(.text)
    queue_reset                              0x080059e5   Thumb Code    18  cmd_queue.o(.text)
    U3_queue_reset                           0x080059f7   Thumb Code    18  cmd_queue.o(.text)
    queue_push                               0x08005a09   Thumb Code    44  cmd_queue.o(.text)
    U3_queue_push                            0x08005a35   Thumb Code    44  cmd_queue.o(.text)
    queue_find_cmd                           0x08005afd   Thumb Code   122  cmd_queue.o(.text)
    U3_queue_find_cmd                        0x08005b77   Thumb Code   156  cmd_queue.o(.text)
    Rest_SetTFT                              0x08005c31   Thumb Code    64  hmi_driver.o(.text)
    DelayMS                                  0x08005c71   Thumb Code    24  hmi_driver.o(.text)
    SendStrings                              0x08005c89   Thumb Code    22  hmi_driver.o(.text)
    SendNU8                                  0x08005c9f   Thumb Code    26  hmi_driver.o(.text)
    SendNU16                                 0x08005cb9   Thumb Code    38  hmi_driver.o(.text)
    SetHandShake                             0x08005cdf   Thumb Code    40  hmi_driver.o(.text)
    SetFcolor                                0x08005d07   Thumb Code    54  hmi_driver.o(.text)
    SetBcolor                                0x08005d3d   Thumb Code    54  hmi_driver.o(.text)
    ColorPicker                              0x08005d73   Thumb Code    76  hmi_driver.o(.text)
    GUI_CleanScreen                          0x08005dbf   Thumb Code    40  hmi_driver.o(.text)
    SetTextSpace                             0x08005de7   Thumb Code    56  hmi_driver.o(.text)
    SetFont_Region                           0x08005e1f   Thumb Code    76  hmi_driver.o(.text)
    SetFilterColor                           0x08005e6b   Thumb Code    68  hmi_driver.o(.text)
    DisText                                  0x08005eaf   Thumb Code    98  hmi_driver.o(.text)
    DisCursor                                0x08005f11   Thumb Code   100  hmi_driver.o(.text)
    DisFull_Image                            0x08005f75   Thumb Code    62  hmi_driver.o(.text)
    DisArea_Image                            0x08005fb3   Thumb Code    94  hmi_driver.o(.text)
    DisCut_Image                             0x08006011   Thumb Code   164  hmi_driver.o(.text)
    DisFlashImage                            0x080060b5   Thumb Code   106  hmi_driver.o(.text)
    GUI_Dot                                  0x0800611f   Thumb Code    68  hmi_driver.o(.text)
    GUI_Line                                 0x08006163   Thumb Code   100  hmi_driver.o(.text)
    GUI_ConDots                              0x080061c7   Thumb Code    66  hmi_driver.o(.text)
    GUI_ConSpaceDots                         0x08006209   Thumb Code    84  hmi_driver.o(.text)
    GUI_FcolorConOffsetDots                  0x0800625d   Thumb Code    84  hmi_driver.o(.text)
    GUI_BcolorConOffsetDots                  0x080062b1   Thumb Code    84  hmi_driver.o(.text)
    SetPowerSaving                           0x08006305   Thumb Code    76  hmi_driver.o(.text)
    GUI_FcolorConDots                        0x08006351   Thumb Code    58  hmi_driver.o(.text)
    GUI_BcolorConDots                        0x0800638b   Thumb Code    58  hmi_driver.o(.text)
    GUI_Circle                               0x080063c5   Thumb Code    82  hmi_driver.o(.text)
    GUI_CircleFill                           0x08006417   Thumb Code    82  hmi_driver.o(.text)
    GUI_Arc                                  0x08006469   Thumb Code   120  hmi_driver.o(.text)
    GUI_Rectangle                            0x080064e1   Thumb Code   100  hmi_driver.o(.text)
    GUI_RectangleFill                        0x08006545   Thumb Code   100  hmi_driver.o(.text)
    GUI_Ellipse                              0x080065a9   Thumb Code   100  hmi_driver.o(.text)
    GUI_EllipseFill                          0x0800660d   Thumb Code   100  hmi_driver.o(.text)
    SetBackLight                             0x08006671   Thumb Code    48  hmi_driver.o(.text)
    SetSound                                 0x080066a1   Thumb Code    48  hmi_driver.o(.text)
    SetBuzzer                                0x080066d1   Thumb Code    48  hmi_driver.o(.text)
    GUI_AreaInycolor                         0x08006701   Thumb Code   100  hmi_driver.o(.text)
    SetTouchPaneOption                       0x08006765   Thumb Code    92  hmi_driver.o(.text)
    CalibrateTouchPane                       0x080067c1   Thumb Code    40  hmi_driver.o(.text)
    TestTouchPane                            0x080067e9   Thumb Code    40  hmi_driver.o(.text)
    UnlockDeviceConfig                       0x08006811   Thumb Code    64  hmi_driver.o(.text)
    LockDeviceConfig                         0x08006851   Thumb Code    64  hmi_driver.o(.text)
    SetCommBps                               0x08006891   Thumb Code    48  hmi_driver.o(.text)
    WriteLayer                               0x080068c1   Thumb Code    48  hmi_driver.o(.text)
    DisplyLayer                              0x080068f1   Thumb Code    48  hmi_driver.o(.text)
    CopyLayer                                0x08006921   Thumb Code    56  hmi_driver.o(.text)
    ClearLayer                               0x08006959   Thumb Code    48  hmi_driver.o(.text)
    GUI_DispRTC                              0x08006989   Thumb Code   118  hmi_driver.o(.text)
    WriteUserFlash                           0x080069ff   Thumb Code    82  hmi_driver.o(.text)
    ReadUserFlash                            0x08006a51   Thumb Code    84  hmi_driver.o(.text)
    GetScreen                                0x08006aa5   Thumb Code    48  hmi_driver.o(.text)
    SetScreen                                0x08006ad5   Thumb Code    60  hmi_driver.o(.text)
    SetScreenUpdateEnable                    0x08006b11   Thumb Code    48  hmi_driver.o(.text)
    SetControlFocus                          0x08006b41   Thumb Code    82  hmi_driver.o(.text)
    SetControlVisiable                       0x08006b93   Thumb Code    82  hmi_driver.o(.text)
    SetControlEnable                         0x08006be5   Thumb Code    82  hmi_driver.o(.text)
    SetButtonValue                           0x08006c37   Thumb Code    82  hmi_driver.o(.text)
    SetTextValue                             0x08006c89   Thumb Code    82  hmi_driver.o(.text)
    SetTextInt32                             0x08006cdb   Thumb Code   140  hmi_driver.o(.text)
    SetTextFloat                             0x08006d67   Thumb Code   140  hmi_driver.o(.text)
    SetProgressValue                         0x08006df3   Thumb Code   104  hmi_driver.o(.text)
    SetMeterValue                            0x08006e5b   Thumb Code   104  hmi_driver.o(.text)
    Set_picMeterValue                        0x08006ec3   Thumb Code    88  hmi_driver.o(.text)
    SetSliderValue                           0x08006f1b   Thumb Code   104  hmi_driver.o(.text)
    SetSelectorValue                         0x08006f83   Thumb Code    82  hmi_driver.o(.text)
    GetControlValue                          0x08006fd5   Thumb Code    74  hmi_driver.o(.text)
    AnimationStart                           0x0800701f   Thumb Code    74  hmi_driver.o(.text)
    AnimationStop                            0x08007069   Thumb Code    74  hmi_driver.o(.text)
    AnimationPause                           0x080070b3   Thumb Code    74  hmi_driver.o(.text)
    AnimationPlayFrame                       0x080070fd   Thumb Code    82  hmi_driver.o(.text)
    AnimationPlayPrev                        0x0800714f   Thumb Code    74  hmi_driver.o(.text)
    AnimationPlayNext                        0x08007199   Thumb Code    74  hmi_driver.o(.text)
    GraphChannelAdd                          0x080071e3   Thumb Code   100  hmi_driver.o(.text)
    GraphChannelDel                          0x08007247   Thumb Code    82  hmi_driver.o(.text)
    GraphChannelDataAdd                      0x08007299   Thumb Code   110  hmi_driver.o(.text)
    GraphChannelDataClear                    0x08007307   Thumb Code    82  hmi_driver.o(.text)
    GraphSetViewport                         0x08007359   Thumb Code   144  hmi_driver.o(.text)
    BatchBegin                               0x080073e9   Thumb Code    36  hmi_driver.o(.text)
    BatchSetButtonValue                      0x0800740d   Thumb Code    38  hmi_driver.o(.text)
    BatchSetProgressValue                    0x08007433   Thumb Code    60  hmi_driver.o(.text)
    BatchSetSliderValue                      0x0800746f   Thumb Code    60  hmi_driver.o(.text)
    BatchSetMeterValue                       0x080074ab   Thumb Code    60  hmi_driver.o(.text)
    GetStringLen                             0x080074e7   Thumb Code    18  hmi_driver.o(.text)
    BatchSetText                             0x080074f9   Thumb Code    56  hmi_driver.o(.text)
    BatchSetFrame                            0x08007531   Thumb Code    44  hmi_driver.o(.text)
    BatchSetVisible                          0x0800755d   Thumb Code    32  hmi_driver.o(.text)
    BatchSetEnable                           0x0800757d   Thumb Code    32  hmi_driver.o(.text)
    BatchEnd                                 0x0800759d   Thumb Code    28  hmi_driver.o(.text)
    SeTimer                                  0x080075b9   Thumb Code   104  hmi_driver.o(.text)
    StartTimer                               0x08007621   Thumb Code    74  hmi_driver.o(.text)
    StopTimer                                0x0800766b   Thumb Code    74  hmi_driver.o(.text)
    PauseTimer                               0x080076b5   Thumb Code    74  hmi_driver.o(.text)
    SetControlBackColor                      0x080076ff   Thumb Code    88  hmi_driver.o(.text)
    SetControlForeColor                      0x08007757   Thumb Code    88  hmi_driver.o(.text)
    ShowPopupMenu                            0x080077af   Thumb Code   100  hmi_driver.o(.text)
    ShowKeyboard                             0x08007813   Thumb Code   108  hmi_driver.o(.text)
    SetLanguage                              0x0800787f   Thumb Code    68  hmi_driver.o(.text)
    FlashBeginSaveControl                    0x080078c3   Thumb Code    82  hmi_driver.o(.text)
    FlashSaveControl                         0x08007915   Thumb Code    32  hmi_driver.o(.text)
    FlashEndSaveControl                      0x08007935   Thumb Code    28  hmi_driver.o(.text)
    FlashRestoreControl                      0x08007951   Thumb Code   106  hmi_driver.o(.text)
    HistoryGraph_SetValueInt8                0x080079bb   Thumb Code    90  hmi_driver.o(.text)
    HistoryGraph_SetValueInt16               0x08007a15   Thumb Code    90  hmi_driver.o(.text)
    HistoryGraph_SetValueInt32               0x08007a6f   Thumb Code   136  hmi_driver.o(.text)
    HistoryGraph_SetValueFloat               0x08007af7   Thumb Code   128  hmi_driver.o(.text)
    HistoryGraph_EnableSampling              0x08007b77   Thumb Code    82  hmi_driver.o(.text)
    HistoryGraph_ShowChannel                 0x08007bc9   Thumb Code    94  hmi_driver.o(.text)
    HistoryGraph_SetTimeLength               0x08007c27   Thumb Code    94  hmi_driver.o(.text)
    HistoryGraph_SetTimeFullScreen           0x08007c85   Thumb Code    80  hmi_driver.o(.text)
    HistoryGraph_SetTimeZoom                 0x08007cd5   Thumb Code   132  hmi_driver.o(.text)
    GET_Language                             0x08007d59   Thumb Code    40  hmi_driver.o(.text)
    Record_SetEvent                          0x08007d81   Thumb Code   126  hmi_driver.o(.text)
    Record_ResetEvent                        0x08007dff   Thumb Code   126  hmi_driver.o(.text)
    Record_Add                               0x08007e7d   Thumb Code    82  hmi_driver.o(.text)
    Record_Clear                             0x08007ecf   Thumb Code    74  hmi_driver.o(.text)
    Record_SetOffset                         0x08007f19   Thumb Code    88  hmi_driver.o(.text)
    Record_GetCount                          0x08007f71   Thumb Code    74  hmi_driver.o(.text)
    ReadRTC                                  0x08007fbb   Thumb Code    40  hmi_driver.o(.text)
    PlayMusic                                0x08007fe3   Thumb Code    58  hmi_driver.o(.text)
    ScrollText                               0x0800801d   Thumb Code    88  hmi_driver.o(.text)
    UartInit                                 0x08008075   Thumb Code   136  hmi_user_uart.o(.text)
    SendChar                                 0x080080fd   Thumb Code    42  hmi_user_uart.o(.text)
    Set_System                               0x08008131   Thumb Code    90  hw_config.o(.text)
    Interrupts_Config                        0x0800818b   Thumb Code    34  hw_config.o(.text)
    CH376ReadBlock                           0x080081ad   Thumb Code    42  file_sys.o(.text)
    CH376WriteReqBlock                       0x080081d7   Thumb Code    42  file_sys.o(.text)
    CH376WriteHostBlock                      0x08008201   Thumb Code    40  file_sys.o(.text)
    CH376WriteOfsBlock                       0x08008229   Thumb Code    48  file_sys.o(.text)
    CH376WriteVar32                          0x08008259   Thumb Code    48  file_sys.o(.text)
    CH376Read32bitDat                        0x08008289   Thumb Code    44  file_sys.o(.text)
    CH376ReadVar32                           0x080082b5   Thumb Code    22  file_sys.o(.text)
    CH376ReadVar8                            0x080082cb   Thumb Code    26  file_sys.o(.text)
    CH376GetIntStatus                        0x080082e5   Thumb Code    18  file_sys.o(.text)
    Wait376Interrupt                         0x080082f7   Thumb Code    30  file_sys.o(.text)
    CH376SendCmdWaitInt                      0x08008315   Thumb Code    16  file_sys.o(.text)
    CH376SetFileName                         0x08008325   Thumb Code   152  file_sys.o(.text)
    CH376WriteVar8                           0x080083bd   Thumb Code    26  file_sys.o(.text)
    CH376EndDirInfo                          0x080083d7   Thumb Code    12  file_sys.o(.text)
    CH376GetFileSize                         0x080083e3   Thumb Code    10  file_sys.o(.text)
    CH376GetDiskStatus                       0x080083ed   Thumb Code    10  file_sys.o(.text)
    CH376SendCmdDatWaitInt                   0x080083f7   Thumb Code    24  file_sys.o(.text)
    CH376DiskReqSense                        0x0800840f   Thumb Code    26  file_sys.o(.text)
    CH376DiskConnect                         0x08008429   Thumb Code    20  file_sys.o(.text)
    CH376DiskMount                           0x0800843d   Thumb Code    10  file_sys.o(.text)
    CH376FileOpen                            0x08008447   Thumb Code    38  file_sys.o(.text)
    CH376FileCreate                          0x0800846d   Thumb Code    20  file_sys.o(.text)
    CH376DirCreate                           0x08008481   Thumb Code    38  file_sys.o(.text)
    CH376SeparatePath                        0x080084a7   Thumb Code    46  file_sys.o(.text)
    CH376FileOpenDir                         0x080084d5   Thumb Code   100  file_sys.o(.text)
    CH376FileOpenPath                        0x08008539   Thumb Code    14  file_sys.o(.text)
    CH376FileCreatePath                      0x08008547   Thumb Code    56  file_sys.o(.text)
    CH376FileErase                           0x0800857f   Thumb Code    70  file_sys.o(.text)
    CH376FileClose                           0x080085c5   Thumb Code    14  file_sys.o(.text)
    CH376DirInfoRead                         0x080085d3   Thumb Code    12  file_sys.o(.text)
    CH376DirInfoSave                         0x080085df   Thumb Code    10  file_sys.o(.text)
    CH376ByteLocate                          0x080085e9   Thumb Code    44  file_sys.o(.text)
    CH376ByteRead                            0x08008615   Thumb Code    80  file_sys.o(.text)
    CH376ByteWrite                           0x08008665   Thumb Code    80  file_sys.o(.text)
    CH376SecLocate                           0x080086b5   Thumb Code    44  file_sys.o(.text)
    CH376LongNameWrite                       0x080086e1   Thumb Code   134  file_sys.o(.text)
    CH376CheckNameSum                        0x08008767   Thumb Code    44  file_sys.o(.text)
    CH376LocateInUpDir                       0x08008793   Thumb Code   168  file_sys.o(.text)
    CH376GetLongName                         0x0800883b   Thumb Code   316  file_sys.o(.text)
    CH376CreateLongName                      0x08008977   Thumb Code   708  file_sys.o(.text)
    mDelayuS                                 0x08008c41   Thumb Code    14  hal_base.o(.text)
    mDelaymS                                 0x08008c4f   Thumb Code    42  hal_base.o(.text)
    CH376_PORT_INIT                          0x08008d07   Thumb Code    12  uart_hw.o(.text)
    xWriteCH376Cmd                           0x08008d13   Thumb Code    92  uart_hw.o(.text)
    xWriteCH376Data                          0x08008d6f   Thumb Code    42  uart_hw.o(.text)
    xReadCH376Data                           0x08008d99   Thumb Code    38  uart_hw.o(.text)
    Query376Interrupt                        0x08008dbf   Thumb Code    20  uart_hw.o(.text)
    mInitCH376Host                           0x08008dd3   Thumb Code    62  uart_hw.o(.text)
    __aeabi_ldivmod                          0x08008e21   Thumb Code    98  ldiv.o(.text)
    __aeabi_memcpy                           0x08008e83   Thumb Code    36  memcpya.o(.text)
    __aeabi_memcpy4                          0x08008e83   Thumb Code     0  memcpya.o(.text)
    __aeabi_memcpy8                          0x08008e83   Thumb Code     0  memcpya.o(.text)
    __aeabi_memset                           0x08008ea7   Thumb Code    14  memseta.o(.text)
    __aeabi_memset4                          0x08008ea7   Thumb Code     0  memseta.o(.text)
    __aeabi_memset8                          0x08008ea7   Thumb Code     0  memseta.o(.text)
    __aeabi_memclr                           0x08008eb5   Thumb Code     4  memseta.o(.text)
    __aeabi_memclr4                          0x08008eb5   Thumb Code     0  memseta.o(.text)
    __aeabi_memclr8                          0x08008eb5   Thumb Code     0  memseta.o(.text)
    _memset$wrapper                          0x08008eb9   Thumb Code    18  memseta.o(.text)
    strlen                                   0x08008ecb   Thumb Code    14  strlen.o(.text)
    __aeabi_fadd                             0x08008ed9   Thumb Code   164  fadd.o(.text)
    __aeabi_fsub                             0x08008f7d   Thumb Code     6  fadd.o(.text)
    __aeabi_frsub                            0x08008f83   Thumb Code     6  fadd.o(.text)
    __aeabi_fmul                             0x08008f89   Thumb Code   100  fmul.o(.text)
    __aeabi_fdiv                             0x08008fed   Thumb Code   124  fdiv.o(.text)
    __aeabi_i2f                              0x08009069   Thumb Code    18  fflti.o(.text)
    __aeabi_ui2f                             0x0800907b   Thumb Code    10  ffltui.o(.text)
    __aeabi_l2d                              0x08009085   Thumb Code    40  dfltl.o(.text)
    __aeabi_d2uiz                            0x080090ad   Thumb Code    50  dfixui.o(.text)
    __aeabi_f2d                              0x080090df   Thumb Code    38  f2d.o(.text)
    __aeabi_uidiv                            0x08009105   Thumb Code     0  uidiv.o(.text)
    __aeabi_uidivmod                         0x08009105   Thumb Code    44  uidiv.o(.text)
    __aeabi_uldivmod                         0x08009131   Thumb Code    98  uldiv.o(.text)
    __aeabi_llsr                             0x08009193   Thumb Code    32  llushr.o(.text)
    _ll_ushift_r                             0x08009193   Thumb Code     0  llushr.o(.text)
    __I$use$fp                               0x080091b3   Thumb Code     0  iusefp.o(.text)
    _float_round                             0x080091b3   Thumb Code    18  fepilogue.o(.text)
    _float_epilogue                          0x080091c5   Thumb Code    92  fepilogue.o(.text)
    _double_round                            0x08009221   Thumb Code    30  depilogue.o(.text)
    _double_epilogue                         0x0800923f   Thumb Code   156  depilogue.o(.text)
    __aeabi_dadd                             0x080092db   Thumb Code   322  dadd.o(.text)
    __aeabi_dsub                             0x0800941d   Thumb Code     6  dadd.o(.text)
    __aeabi_drsub                            0x08009423   Thumb Code     6  dadd.o(.text)
    __aeabi_dmul                             0x08009429   Thumb Code   228  dmul.o(.text)
    __aeabi_ddiv                             0x0800950d   Thumb Code   222  ddiv.o(.text)
    _dsqrt                                   0x080095eb   Thumb Code   162  dsqrt.o(.text)
    __aeabi_d2ulz                            0x0800968d   Thumb Code    48  dfixul.o(.text)
    __aeabi_cdrcmple                         0x080096bd   Thumb Code    48  cdrcmple.o(.text)
    __scatterload                            0x080096ed   Thumb Code    28  init.o(.text)
    __scatterload_rt2                        0x080096ed   Thumb Code     0  init.o(.text)
    __aeabi_llsl                             0x08009711   Thumb Code    30  llshl.o(.text)
    _ll_shift_l                              0x08009711   Thumb Code     0  llshl.o(.text)
    __aeabi_lasr                             0x0800972f   Thumb Code    36  llsshr.o(.text)
    _ll_sshift_r                             0x0800972f   Thumb Code     0  llsshr.o(.text)
    __decompress                             0x08009753   Thumb Code     0  __dczerorl2.o(.text)
    __decompress1                            0x08009753   Thumb Code    86  __dczerorl2.o(.text)
    __0sprintf                               0x080097a9   Thumb Code    34  printfa.o(i.__0sprintf)
    __1sprintf                               0x080097a9   Thumb Code     0  printfa.o(i.__0sprintf)
    __2sprintf                               0x080097a9   Thumb Code     0  printfa.o(i.__0sprintf)
    __c89sprintf                             0x080097a9   Thumb Code     0  printfa.o(i.__0sprintf)
    sprintf                                  0x080097a9   Thumb Code     0  printfa.o(i.__0sprintf)
    __scatterload_copy                       0x080097d1   Thumb Code    14  handlers.o(i.__scatterload_copy)
    __scatterload_null                       0x080097df   Thumb Code     2  handlers.o(i.__scatterload_null)
    __scatterload_zeroinit                   0x080097e1   Thumb Code    14  handlers.o(i.__scatterload_zeroinit)
    __set_errno                              0x080097f1   Thumb Code     6  errno.o(i.__set_errno)
    sqrt                                     0x0800a0b9   Thumb Code    76  sqrt.o(i.sqrt)
    auchCRCHi                                0x0800a11c   Data         256  crc.o(.constdata)
    auchCRCLo                                0x0800a21c   Data         256  crc.o(.constdata)
    Region$$Table$$Base                      0x0800a31c   Number         0  anon$$obj.o(Region$$Table)
    Region$$Table$$Limit                     0x0800a33c   Number         0  anon$$obj.o(Region$$Table)
    SystemCoreClock                          0x20000000   Data           4  system_stm32f10x.o(.data)
    AHBPrescTable                            0x20000004   Data          16  system_stm32f10x.o(.data)
    bReadInitFlag                            0x20000018   Data           1  exdata_process.o(.data)
    bReadToeFlag                             0x20000019   Data           1  exdata_process.o(.data)
    bExNameFlag                              0x2000001a   Data           1  exdata_process.o(.data)
    DataOverflowFlag                         0x2000001b   Data           1  exdata_process.o(.data)
    bPedalKeyStatus                          0x2000001c   Data           1  exdata_process.o(.data)
    bPedalButtonStatus                       0x2000001d   Data           1  exdata_process.o(.data)
    bExStatusFlag                            0x2000001e   Data           1  exdata_process.o(.data)
    bInitFlag                                0x2000001f   Data           1  exdata_process.o(.data)
    bDelete                                  0x20000020   Data           1  exdata_process.o(.data)
    KEY_FLAG                                 0x20000021   Data           1  exdata_process.o(.data)
    iLanguageType                            0x20000022   Data           1  exdata_process.o(.data)
    rtc_timer                                0x20000023   Data           7  exdata_process.o(.data)
    ExNameSize                               0x2000002a   Data           1  exdata_process.o(.data)
    fTHData                                  0x2000002b   Data           2  exdata_process.o(.data)
    current_screen_id                        0x2000002e   Data           2  exdata_process.o(.data)
    ExNameCount                              0x20000030   Data           1  exdata_process.o(.data)
    timerout                                 0x20000031   Data           1  exdata_process.o(.data)
    iVerifyPedalCount                        0x20000032   Data           1  exdata_process.o(.data)
    BeepStatus                               0x20000033   Data           1  exdata_process.o(.data)
    Temperature                              0x20000034   Data           1  exdata_process.o(.data)
    Humidity                                 0x20000035   Data           1  exdata_process.o(.data)
    iExTimes                                 0x20000036   Data           1  exdata_process.o(.data)
    WEIGHT_SUM                               0x20000038   Data           4  exdata_process.o(.data)
    AVE                                      0x2000003c   Data           2  exdata_process.o(.data)
    SD                                       0x2000003e   Data           2  exdata_process.o(.data)
    fWeightInit                              0x20000040   Data           4  exdata_process.o(.data)
    fWeightToe                               0x20000044   Data           4  exdata_process.o(.data)
    EX_offset                                0x20000048   Data           1  exdata_process.o(.data)
    EX_offsetmax                             0x20000049   Data           1  exdata_process.o(.data)
    EX_offsetNmax                            0x2000004a   Data           1  exdata_process.o(.data)
    EX_SUM                                   0x2000004c   Data           2  exdata_process.o(.data)
    iPedalCountButton                        0x2000004e   Data           1  exdata_process.o(.data)
    iPedalCountKey                           0x2000004f   Data           1  exdata_process.o(.data)
    iSequence                                0x20000050   Data           1  exdata_process.o(.data)
    iDisplayExNum                            0x20000052   Data           2  exdata_process.o(.data)
    SD_SUM                                   0x20000058   Data           8  exdata_process.o(.data)
    timing                                   0x20000060   Data           4  exdata_process.o(.data)
    times                                    0x20000064   Data           4  exdata_process.o(.data)
    CrcRes                                   0x20000068   Data           2  exdata_process.o(.data)
    k                                        0x2000006a   Data          10  exdata_process.o(.data)
    W25QXX_TYPE                              0x20000074   Data           2  w25qxx.o(.data)
    Weight                                   0x2000007c   Data           4  usart2.o(.data)
    USART2_RX_STA                            0x20000080   Data           2  usart2.o(.data)
    send_feedfoxerr                          0x20000082   Data           7  usart2.o(.data)
    iReceiveFlag                             0x20000089   Data           1  usart2.o(.data)
    prompt                                   0x2000008a   Data           1  language.o(.data)
    WarnningPrompt                           0x2000008b   Data        5120  language.o(.data)
    ConfigMsg                                0x200014b0   Data         108  main.o(.bss)
    senddate                                 0x2000151c   Data       16384  main.o(.bss)
    buf                                      0x2000551c   Data          64  main.o(.bss)
    cmd_buffer                               0x2000555c   Data          64  exdata_process.o(.bss)
    ExNameBuff                               0x2000559c   Data          64  exdata_process.o(.bss)
    ExName                                   0x200055dc   Data          64  exdata_process.o(.bss)
    timer_buff                               0x2000561c   Data          64  exdata_process.o(.bss)
    name_buff                                0x2000565c   Data          32  exdata_process.o(.bss)
    fExData                                  0x2000567c   Data          66  exdata_process.o(.bss)
    LongNameBuf                              0x200056be   Data         520  exdata_process.o(.bss)
    W25QXX_BUFFER                            0x200058c6   Data        4096  w25qxx.o(.bss)
    USART2_RX_BUF                            0x200068c6   Data         256  usart2.o(.bss)
    __initial_sp                             0x200071d0   Data           0  startup_stm32f10x_hd.o(STACK)



==============================================================================

Memory Map of the image

  Image Entry point : 0x08000131

  Load Region LR_IROM1 (Base: 0x08000000, Size: 0x0000b7ec, Max: 0x00080000, ABSOLUTE, COMPRESSED[0x0000a58c])

    Execution Region ER_IROM1 (Exec base: 0x08000000, Load base: 0x08000000, Size: 0x0000a33c, Max: 0x00080000, ABSOLUTE)

    Exec Addr    Load Addr    Size         Type   Attr      Idx    E Section Name        Object

    0x08000000   0x08000000   0x00000130   Data   RO          634    RESET               startup_stm32f10x_hd.o
    0x08000130   0x08000130   0x00000000   Code   RO          855  * .ARM.Collect$$$$00000000  mc_w.l(entry.o)
    0x08000130   0x08000130   0x00000004   Code   RO         1145    .ARM.Collect$$$$00000001  mc_w.l(entry2.o)
    0x08000134   0x08000134   0x00000004   Code   RO         1148    .ARM.Collect$$$$00000004  mc_w.l(entry5.o)
    0x08000138   0x08000138   0x00000000   Code   RO         1150    .ARM.Collect$$$$00000008  mc_w.l(entry7b.o)
    0x08000138   0x08000138   0x00000000   Code   RO         1152    .ARM.Collect$$$$0000000A  mc_w.l(entry8b.o)
    0x08000138   0x08000138   0x00000008   Code   RO         1153    .ARM.Collect$$$$0000000B  mc_w.l(entry9a.o)
    0x08000140   0x08000140   0x00000000   Code   RO         1155    .ARM.Collect$$$$0000000D  mc_w.l(entry10a.o)
    0x08000140   0x08000140   0x00000000   Code   RO         1157    .ARM.Collect$$$$0000000F  mc_w.l(entry11a.o)
    0x08000140   0x08000140   0x00000004   Code   RO         1146    .ARM.Collect$$$$00002712  mc_w.l(entry2.o)
    0x08000144   0x08000144   0x0000010c   Code   RO            1    .text               main.o
    0x08000250   0x08000250   0x000000b8   Code   RO          209    .text               stm32f10x_it.o
    0x08000308   0x08000308   0x000001e0   Code   RO          262    .text               system_stm32f10x.o
    0x080004e8   0x080004e8   0x00002910   Code   RO          280    .text               exdata_process.o
    0x08002df8   0x08002df8   0x0000016e   Code   RO          330    .text               24cxx.o
    0x08002f66   0x08002f66   0x00000002   PAD
    0x08002f68   0x08002f68   0x0000026c   Code   RO          342    .text               myiic.o
    0x080031d4   0x080031d4   0x00000358   Code   RO          354    .text               w25qxx.o
    0x0800352c   0x0800352c   0x00000108   Code   RO          381    .text               spi.o
    0x08003634   0x08003634   0x00000038   Code   RO          393    .text               led.o
    0x0800366c   0x0800366c   0x00000024   Code   RO          416    .text               key.o
    0x08003690   0x08003690   0x0000019c   Code   RO          428    .text               dht11.o
    0x0800382c   0x0800382c   0x000000d4   Code   RO          440    .text               delay.o
    0x08003900   0x08003900   0x00000064   Code   RO          510    .text               timer3.o
    0x08003964   0x08003964   0x000001fc   Code   RO          556    .text               usart2.o
    0x08003b60   0x08003b60   0x00000038   Code   RO          607    .text               crc.o
    0x08003b98   0x08003b98   0x00000024   Code   RO          635    .text               startup_stm32f10x_hd.o
    0x08003bbc   0x08003bbc   0x000000dc   Code   RO          639    .text               misc.o
    0x08003c98   0x08003c98   0x0000035c   Code   RO          651    .text               stm32f10x_gpio.o
    0x08003ff4   0x08003ff4   0x000003a4   Code   RO          663    .text               stm32f10x_rcc.o
    0x08004398   0x08004398   0x00000408   Code   RO          677    .text               stm32f10x_usart.o
    0x080047a0   0x080047a0   0x0000011c   Code   RO          689    .text               stm32f10x_exti.o
    0x080048bc   0x080048bc   0x00000e1a   Code   RO          713    .text               stm32f10x_tim.o
    0x080056d6   0x080056d6   0x00000002   PAD
    0x080056d8   0x080056d8   0x0000030c   Code   RO          737    .text               stm32f10x_spi.o
    0x080059e4   0x080059e4   0x0000024c   Code   RO          749    .text               cmd_queue.o
    0x08005c30   0x08005c30   0x00002444   Code   RO          768    .text               hmi_driver.o
    0x08008074   0x08008074   0x000000bc   Code   RO          780    .text               hmi_user_uart.o
    0x08008130   0x08008130   0x0000007c   Code   RO          792    .text               hw_config.o
    0x080081ac   0x080081ac   0x00000a94   Code   RO          808    .text               file_sys.o
    0x08008c40   0x08008c40   0x00000038   Code   RO          820    .text               hal_base.o
    0x08008c78   0x08008c78   0x000001a8   Code   RO          835    .text               uart_hw.o
    0x08008e20   0x08008e20   0x00000062   Code   RO          858    .text               mc_w.l(ldiv.o)
    0x08008e82   0x08008e82   0x00000024   Code   RO          860    .text               mc_w.l(memcpya.o)
    0x08008ea6   0x08008ea6   0x00000024   Code   RO          862    .text               mc_w.l(memseta.o)
    0x08008eca   0x08008eca   0x0000000e   Code   RO          864    .text               mc_w.l(strlen.o)
    0x08008ed8   0x08008ed8   0x000000b0   Code   RO         1129    .text               mf_w.l(fadd.o)
    0x08008f88   0x08008f88   0x00000064   Code   RO         1131    .text               mf_w.l(fmul.o)
    0x08008fec   0x08008fec   0x0000007c   Code   RO         1133    .text               mf_w.l(fdiv.o)
    0x08009068   0x08009068   0x00000012   Code   RO         1135    .text               mf_w.l(fflti.o)
    0x0800907a   0x0800907a   0x0000000a   Code   RO         1137    .text               mf_w.l(ffltui.o)
    0x08009084   0x08009084   0x00000028   Code   RO         1139    .text               mf_w.l(dfltl.o)
    0x080090ac   0x080090ac   0x00000032   Code   RO         1141    .text               mf_w.l(dfixui.o)
    0x080090de   0x080090de   0x00000026   Code   RO         1143    .text               mf_w.l(f2d.o)
    0x08009104   0x08009104   0x0000002c   Code   RO         1162    .text               mc_w.l(uidiv.o)
    0x08009130   0x08009130   0x00000062   Code   RO         1164    .text               mc_w.l(uldiv.o)
    0x08009192   0x08009192   0x00000020   Code   RO         1166    .text               mc_w.l(llushr.o)
    0x080091b2   0x080091b2   0x00000000   Code   RO         1175    .text               mc_w.l(iusefp.o)
    0x080091b2   0x080091b2   0x0000006e   Code   RO         1176    .text               mf_w.l(fepilogue.o)
    0x08009220   0x08009220   0x000000ba   Code   RO         1178    .text               mf_w.l(depilogue.o)
    0x080092da   0x080092da   0x0000014e   Code   RO         1180    .text               mf_w.l(dadd.o)
    0x08009428   0x08009428   0x000000e4   Code   RO         1182    .text               mf_w.l(dmul.o)
    0x0800950c   0x0800950c   0x000000de   Code   RO         1184    .text               mf_w.l(ddiv.o)
    0x080095ea   0x080095ea   0x000000a2   Code   RO         1186    .text               mf_w.l(dsqrt.o)
    0x0800968c   0x0800968c   0x00000030   Code   RO         1188    .text               mf_w.l(dfixul.o)
    0x080096bc   0x080096bc   0x00000030   Code   RO         1192    .text               mf_w.l(cdrcmple.o)
    0x080096ec   0x080096ec   0x00000024   Code   RO         1194    .text               mc_w.l(init.o)
    0x08009710   0x08009710   0x0000001e   Code   RO         1197    .text               mc_w.l(llshl.o)
    0x0800972e   0x0800972e   0x00000024   Code   RO         1199    .text               mc_w.l(llsshr.o)
    0x08009752   0x08009752   0x00000056   Code   RO         1210    .text               mc_w.l(__dczerorl2.o)
    0x080097a8   0x080097a8   0x00000028   Code   RO         1103    i.__0sprintf        mc_w.l(printfa.o)
    0x080097d0   0x080097d0   0x0000000e   Code   RO         1204    i.__scatterload_copy  mc_w.l(handlers.o)
    0x080097de   0x080097de   0x00000002   Code   RO         1205    i.__scatterload_null  mc_w.l(handlers.o)
    0x080097e0   0x080097e0   0x0000000e   Code   RO         1206    i.__scatterload_zeroinit  mc_w.l(handlers.o)
    0x080097ee   0x080097ee   0x00000002   PAD
    0x080097f0   0x080097f0   0x0000000c   Code   RO         1170    i.__set_errno       mc_w.l(errno.o)
    0x080097fc   0x080097fc   0x00000184   Code   RO         1108    i._fp_digits        mc_w.l(printfa.o)
    0x08009980   0x08009980   0x000006dc   Code   RO         1109    i._printf_core      mc_w.l(printfa.o)
    0x0800a05c   0x0800a05c   0x00000024   Code   RO         1110    i._printf_post_padding  mc_w.l(printfa.o)
    0x0800a080   0x0800a080   0x0000002e   Code   RO         1111    i._printf_pre_padding  mc_w.l(printfa.o)
    0x0800a0ae   0x0800a0ae   0x0000000a   Code   RO         1113    i._sputc            mc_w.l(printfa.o)
    0x0800a0b8   0x0800a0b8   0x0000004c   Code   RO          848    i.sqrt              m_ws.l(sqrt.o)
    0x0800a104   0x0800a104   0x00000018   Data   RO          282    .constdata          exdata_process.o
    0x0800a11c   0x0800a11c   0x00000200   Data   RO          608    .constdata          crc.o
    0x0800a31c   0x0800a31c   0x00000020   Data   RO         1202    Region$$Table       anon$$obj.o


    Execution Region RW_IRAM1 (Exec base: 0x20000000, Load base: 0x0800a33c, Size: 0x000071d0, Max: 0x00010000, ABSOLUTE, COMPRESSED[0x00000250])

    Exec Addr    Load Addr    Size         Type   Attr      Idx    E Section Name        Object

    0x20000000   COMPRESSED   0x00000014   Data   RW          263    .data               system_stm32f10x.o
    0x20000014   COMPRESSED   0x00000004   PAD
    0x20000018   COMPRESSED   0x0000005c   Data   RW          283    .data               exdata_process.o
    0x20000074   COMPRESSED   0x00000002   Data   RW          356    .data               w25qxx.o
    0x20000076   COMPRESSED   0x00000004   Data   RW          441    .data               delay.o
    0x2000007a   COMPRESSED   0x00000002   PAD
    0x2000007c   COMPRESSED   0x0000000e   Data   RW          558    .data               usart2.o
    0x2000008a   COMPRESSED   0x00001401   Data   RW          598    .data               language.o
    0x2000148b   COMPRESSED   0x00000014   Data   RW          664    .data               stm32f10x_rcc.o
    0x2000149f   COMPRESSED   0x00000001   PAD
    0x200014a0   COMPRESSED   0x0000000c   Data   RW          751    .data               cmd_queue.o
    0x200014ac   COMPRESSED   0x00000004   Data   RW         1171    .data               mc_w.l(errno.o)
    0x200014b0        -       0x000040ac   Zero   RW            2    .bss                main.o
    0x2000555c        -       0x0000036a   Zero   RW          281    .bss                exdata_process.o
    0x200058c6        -       0x00001000   Zero   RW          355    .bss                w25qxx.o
    0x200068c6        -       0x00000100   Zero   RW          557    .bss                usart2.o
    0x200069c6        -       0x00000408   Zero   RW          750    .bss                cmd_queue.o
    0x20006dce   COMPRESSED   0x00000002   PAD
    0x20006dd0        -       0x00000400   Zero   RW          632    STACK               startup_stm32f10x_hd.o


==============================================================================

Image component sizes


      Code (inc. data)   RO Data    RW Data    ZI Data      Debug   Object Name

       366          0          0          0          0       2710   24cxx.o
       588         30          0         12       1032       3259   cmd_queue.o
        56          8        512          0          0       1195   crc.o
       212         18          0          4          0       1031   delay.o
       412         12          0          0          0       2134   dht11.o
     10512        768         24         92        874      36839   exdata_process.o
      2708         18          0          0          0      11249   file_sys.o
        56          0          0          0          0      11752   hal_base.o
      9284          0          0          0          0      34673   hmi_driver.o
       188         10          0          0          0        876   hmi_user_uart.o
       124          0          0          0          0        691   hw_config.o
        36          4          0          0          0        475   key.o
         0          0          0       5121          0        604   language.o
        56          6          0          0          0        483   led.o
       268         22          0          0      16556     265725   main.o
       220         22          0          0          0       1793   misc.o
       620         14          0          0          0       1848   myiic.o
       264         10          0          0          0       1085   spi.o
        36          8        304          0       1024        788   startup_stm32f10x_hd.o
       284         10          0          0          0       2247   stm32f10x_exti.o
       860         38          0          0          0       5725   stm32f10x_gpio.o
       184         18          0          0          0     206821   stm32f10x_it.o
       932         36          0         20          0       8896   stm32f10x_rcc.o
       780         14          0          0          0       6606   stm32f10x_spi.o
      3610         88          0          0          0      22832   stm32f10x_tim.o
      1032         22          0          0          0       8448   stm32f10x_usart.o
         0          0          0          0          0         32   sys.o
       480         38          0         20          0       1727   system_stm32f10x.o
       100          4          0          0          0        520   timer3.o
       424         16          0          0          0       1865   uart_hw.o
       508         30          0         14        256       1811   usart2.o
       856         22          0          2       4096       4321   w25qxx.o

    ----------------------------------------------------------------------
     36060       1286        872       5292      23840     651061   Object Totals
         0          0         32          0          0          0   (incl. Generated)
         4          0          0          7          2          0   (incl. Padding)

    ----------------------------------------------------------------------

      Code (inc. data)   RO Data    RW Data    ZI Data      Debug   Library Member Name

        76          0          0          0          0         84   sqrt.o
        86          0          0          0          0          0   __dczerorl2.o
         0          0          0          0          0          0   entry.o
         0          0          0          0          0          0   entry10a.o
         0          0          0          0          0          0   entry11a.o
         8          4          0          0          0          0   entry2.o
         4          0          0          0          0          0   entry5.o
         0          0          0          0          0          0   entry7b.o
         0          0          0          0          0          0   entry8b.o
         8          4          0          0          0          0   entry9a.o
        12          6          0          4          0         68   errno.o
        30          0          0          0          0          0   handlers.o
        36          8          0          0          0         68   init.o
         0          0          0          0          0          0   iusefp.o
        98          0          0          0          0         84   ldiv.o
        30          0          0          0          0         68   llshl.o
        36          0          0          0          0         68   llsshr.o
        32          0          0          0          0         68   llushr.o
        36          0          0          0          0         68   memcpya.o
        36          0          0          0          0        108   memseta.o
      2276         86          0          0          0        520   printfa.o
        14          0          0          0          0         68   strlen.o
        44          0          0          0          0         80   uidiv.o
        98          0          0          0          0         92   uldiv.o
        48          0          0          0          0         68   cdrcmple.o
       334          0          0          0          0        148   dadd.o
       222          0          0          0          0        100   ddiv.o
       186          0          0          0          0        176   depilogue.o
        50          0          0          0          0         76   dfixui.o
        48          0          0          0          0         68   dfixul.o
        40          0          0          0          0         80   dfltl.o
       228          0          0          0          0         96   dmul.o
       162          0          0          0          0        100   dsqrt.o
        38          0          0          0          0         68   f2d.o
       176          0          0          0          0        140   fadd.o
       124          0          0          0          0         88   fdiv.o
       110          0          0          0          0        168   fepilogue.o
        18          0          0          0          0         68   fflti.o
        10          0          0          0          0         68   ffltui.o
       100          0          0          0          0         76   fmul.o

    ----------------------------------------------------------------------
      4856        108          0          4          0       3032   Library Totals
         2          0          0          0          0          0   (incl. Padding)

    ----------------------------------------------------------------------

      Code (inc. data)   RO Data    RW Data    ZI Data      Debug   Library Name

        76          0          0          0          0         84   m_ws.l
      2884        108          0          4          0       1360   mc_w.l
      1894          0          0          0          0       1588   mf_w.l

    ----------------------------------------------------------------------
      4856        108          0          4          0       3032   Library Totals

    ----------------------------------------------------------------------

==============================================================================


      Code (inc. data)   RO Data    RW Data    ZI Data      Debug   

     40916       1394        872       5296      23840     650321   Grand Totals
     40916       1394        872        592      23840     650321   ELF Image Totals (compressed)
     40916       1394        872        592          0          0   ROM Totals

==============================================================================

    Total RO  Size (Code + RO Data)                41788 (  40.81kB)
    Total RW  Size (RW Data + ZI Data)             29136 (  28.45kB)
    Total ROM Size (Code + RO Data + RW Data)      42380 (  41.39kB)

==============================================================================

